Windows PowerShell
Copyright (C) Microsoft Corporation. All rights reserved.

Install the latest PowerShell for new features and improvements! https://aka.ms/PSWindows

PS C:\vagrant file\ansible-controller> vagrant init centos/7
`Vagrantfile` already exists in this directory. Remove it before
running `vagrant init`.
PS C:\vagrant file\ansible-controller> vagrant up
Bringing machine 'ansible-controller' up with 'virtualbox' provider...
==> ansible-controller: Checking if box 'centos/7' version '2004.01' is up to date...
==> ansible-controller: Machine already provisioned. Run `vagrant provision` or use the `--provision`
==> ansible-controller: flag to force provisioning. Provisioners marked to run always will still run.
PS C:\vagrant file\ansible-controller> vagrant provision
==> ansible-controller: Running provisioner: shell...
    ansible-controller: Running: inline script
    ansible-controller: Loaded plugins: fastestmirror
    ansible-controller: Loading mirror speeds from cached hostfile
    ansible-controller:  * epel: d2lzkl7pfhq30w.cloudfront.net
    ansible-controller: Package epel-release-7-14.noarch already installed and latest version
    ansible-controller: Nothing to do
    ansible-controller: Loaded plugins: fastestmirror
    ansible-controller: Loading mirror speeds from cached hostfile
    ansible-controller:  * epel: d2lzkl7pfhq30w.cloudfront.net
    ansible-controller: Package ansible-2.9.27-1.el7.noarch already installed and latest version
    ansible-controller: Nothing to do
==> ansible-controller: Running provisioner: shell...
    ansible-controller: Running: inline script
    ansible-controller: Loaded plugins: fastestmirror
    ansible-controller: Loading mirror speeds from cached hostfile
    ansible-controller:  * epel: d2lzkl7pfhq30w.cloudfront.net
    ansible-controller: Package epel-release-7-14.noarch already installed and latest version
    ansible-controller: Nothing to do
    ansible-controller: Loaded plugins: fastestmirror
    ansible-controller: Loading mirror speeds from cached hostfile
    ansible-controller:  * epel: d2lzkl7pfhq30w.cloudfront.net
    ansible-controller: Package ansible-2.9.27-1.el7.noarch already installed and latest version
    ansible-controller: Nothing to do
PS C:\vagrant file\ansible-controller> vagrant ssh
Last login: Mon May 19 10:35:03 2025 from 10.0.2.2
[vagrant@controller ~]$ ls'
> ^C
[vagrant@controller ~]$ ls
ansible-project
[vagrant@controller ~]$ cd ansible-project
[vagrant@controller ansible-project]$ ls
hosts  playbook.yml
[vagrant@controller ansible-project]$ vi playbook.yml
[vagrant@controller ansible-project]$ cat playbook.yml
- name: Configure Web Server
  hosts: webservers
  become: true
  tasks:
    - name: Install Apache
      yum:
        name: httpd
        state: latest

    - name: Start and enable Apache
      service:
        name: httpd
        state: started
        enabled: true

    - name: Create a custom index.html
      copy:
        dest: /var/www/html/index.html
        content: "<h1>Hello from Ansible Web Server!</h1>"

- name: Configure DB Server
  hosts: dbservers
  become: true
  tasks:
    - name: Install Apache
      yum:
        name: httpd
        state: latest

    - name: Start and enable Apache
      service:
        name: httpd
        state: started
        enabled: true


[vagrant@controller ansible-project]$ exit
logout
Connection to 127.0.0.1 closed.
PS C:\vagrant file\ansible-controller> cd ansible-hosts
PS C:\vagrant file\ansible-controller\ansible-hosts> vagrant init centos/7
`Vagrantfile` already exists in this directory. Remove it before
running `vagrant init`.
PS C:\vagrant file\ansible-controller\ansible-hosts> vagrant provision
==> web: VM is not currently running. Please, first bring it up with `vagrant up` then run this command.
==> db: VM is not currently running. Please, first bring it up with `vagrant up` then run this command.
PS C:\vagrant file\ansible-controller\ansible-hosts> vagrant up
Bringing machine 'web' up with 'virtualbox' provider...
Bringing machine 'db' up with 'virtualbox' provider...
==> web: Checking if box 'centos/7' version '2004.01' is up to date...
==> web: Resuming suspended VM...
==> web: Booting VM...
==> web: Waiting for machine to boot. This may take a few minutes...
    web: SSH address: 127.0.0.1:2201
    web: SSH username: vagrant
    web: SSH auth method: private key
==> web: Machine booted and ready!
==> web: Machine already provisioned. Run `vagrant provision` or use the `--provision`
==> web: flag to force provisioning. Provisioners marked to run always will still run.
==> db: Checking if box 'centos/7' version '2004.01' is up to date...
==> db: Resuming suspended VM...
==> db: Booting VM...
==> db: Waiting for machine to boot. This may take a few minutes...
    db: SSH address: 127.0.0.1:2202
    db: SSH username: vagrant
    db: SSH auth method: private key
==> db: Machine booted and ready!
==> db: Machine already provisioned. Run `vagrant provision` or use the `--provision`
==> db: flag to force provisioning. Provisioners marked to run always will still run.
PS C:\vagrant file\ansible-controller\ansible-hosts> vagrant status
Current machine states:

web                       running (virtualbox)
db                        running (virtualbox)

This environment represents multiple VMs. The VMs are all listed
above with their current state. For more information about a specific
VM, run `vagrant status NAME`.
PS C:\vagrant file\ansible-controller\ansible-hosts> vagrant ssh
This command requires a specific VM name to target in a multi-VM environment.
PS C:\vagrant file\ansible-controller\ansible-hosts> vagrant ssh web
Last login: Fri Apr 11 13:29:22 2025 from 192.168.33.1
[vagrant@web ~]$ exit
logout
Connection to 127.0.0.1 closed.
PS C:\vagrant file\ansible-controller\ansible-hosts> vagrant ssh db
Last login: Fri Apr 11 13:22:24 2025 from 192.168.33.1
[vagrant@db ~]$ exit
logout
Connection to 127.0.0.1 closed.
PS C:\vagrant file\ansible-controller\ansible-hosts> vagrant status
Current machine states:

web                       running (virtualbox)
db                        running (virtualbox)

This environment represents multiple VMs. The VMs are all listed
above with their current state. For more information about a specific
VM, run `vagrant status NAME`.
PS C:\vagrant file\ansible-controller\ansible-hosts> cd..
PS C:\vagrant file\ansible-controller> vagrant ssh
Last login: Mon May 19 10:36:48 2025 from 10.0.2.2
[vagrant@controller ~]$ cd ansible-project
[vagrant@controller ansible-project]$ ansible all -m ping -i hosts
192.168.33.10 | SUCCESS => {
    "ansible_facts": {
        "discovered_interpreter_python": "/usr/bin/python"
    },
    "changed": false,
    "ping": "pong"
}
192.168.33.11 | SUCCESS => {
    "ansible_facts": {
        "discovered_interpreter_python": "/usr/bin/python"
    },
    "changed": false,
    "ping": "pong"
}
[vagrant@controller ansible-project]$ ansible-playbook -i hosts playbook.yml

PLAY [Configure Web Server] ********************************************************************************************

TASK [Gathering Facts] *************************************************************************************************
ok: [192.168.33.10]

TASK [Install Apache] **************************************************************************************************
ok: [192.168.33.10]

TASK [Start and enable Apache] *****************************************************************************************
ok: [192.168.33.10]

TASK [Create a custom index.html] **************************************************************************************
ok: [192.168.33.10]

PLAY [Configure DB Server] *********************************************************************************************

TASK [Gathering Facts] *************************************************************************************************
ok: [192.168.33.11]

TASK [Install Apache] **************************************************************************************************
ok: [192.168.33.11]

TASK [Start and enable Apache] *****************************************************************************************
ok: [192.168.33.11]

PLAY RECAP *************************************************************************************************************
192.168.33.10              : ok=4    changed=0    unreachable=0    failed=0    skipped=0    rescued=0    ignored=0
192.168.33.11              : ok=3    changed=0    unreachable=0    failed=0    skipped=0    rescued=0    ignored=0

[vagrant@controller ansible-project]$